learn_markov_chain token_of_arc 5 [[0; 1]; [1; 3; 4; 1; 2]; [3; 4]; [3; 5]; [3; 5]; [3; 5]] =

[|[{token='a'; weight=1; dest=1}];
[{token='b'; weight=1; dest=3}; {token='g'; weight=1; dest=2}];
[];
[{token='c'; weight=3; dest=5}; {token='e'; weight=2; dest=4}];
[{token='f'; weight=1; dest=1}];
[]|]


apprentissage à partir de marches aléatoires aléatoires sur mc_smaller_example`
echantillonage...
apprentissage...
résultat
arc 0-a->0 : proba estimée 50%, proba réelle 50%
arc 0-b->1 : proba estimée 50%, proba réelle 50%
arc 1-c->1 : proba estimée 67%, proba réelle 67%
arc 1-d->2 : proba estimée 33%, proba réelle 33%

apprentissage à partir de marches aléatoires aléatoires sur mc_example`
echantillonage...
apprentissage...
résultat
arc 0-a->1 : proba estimée 100%, proba réelle 100%
arc 1-b->3 : proba estimée 50%, proba réelle 50%
arc 1-g->2 : proba estimée 50%, proba réelle 50%
arc 3-c->5 : proba estimée 50%, proba réelle 50%
arc 3-d->2 : proba estimée 17%, proba réelle 17%
arc 3-e->4 : proba estimée 33%, proba réelle 33%
arc 4-f->1 : proba estimée 100%, proba réelle 100%

