voc = ['a'; 'b'; 'r'; 'c'; 'd']
s = "abracadabra"
encode voc s = [0; 1; 2; 0; 3; 0; 4; 0; 1; 2; 0]
voc = ['a'; 'b'; 'r'; 'c'; 'd']
s = "arbre barbara"
encode voc s = EncodingError "e barbara"
