batch = ["hello world"]
learn batch = [("hello", 0); (" ", 1); ("world", 2)]

batch = ["Le "coupe-faim,""; "c'est pour la pause."; ""]
learn batch = [("Le", 0); (" ", 1); (""", 2); ("coupe", 3); ("-", 4); ("faim", 5); (",", 6); ("c", 7); ("\'", 8); ("est", 9); ("pour", 10); ("la", 11); ("pause", 12); (".", 13)]

